    Finished `release` profile [optimized] target(s) in 1.45s
