---
source: tui/src/bottom_pane/chat_composer.rs
expression: terminal.backend()
---
"                                                                                                    "
"› [Pasted Content 1003 chars, ~251 tokens][Pasted Content 1007 chars, ~252 tokens] another short    "
"  paste                                                                                             "
"                                                                                                    "
"                                                                                                    "
"                                                                                                    "
"                                                                                                    "
"                                                                                                    "
"                                                                                                    "
"                                                                                 100% context left  "
